<?xml version="1.0" encoding="utf-8"?><testsuites name="pytest tests"><testsuite name="pytest" errors="0" failures="0" skipped="0" tests="99" time="22.186" timestamp="2025-11-18T18:07:19.717370+04:00" hostname="vm64496.hosted-by.qwins.co"><testcase classname="tests.test_app.TestApp" name="test_app_creation" time="0.466" /><testcase classname="tests.test_app.TestApp" name="test_app_context" time="0.199" /><testcase classname="tests.test_app.TestApp" name="test_database_connection" time="0.247" /><testcase classname="tests.test_app.TestApp" name="test_blueprints_registration" time="0.116" /><testcase classname="tests.test_app.TestApp" name="test_config_values" time="0.209" /><testcase classname="tests.test_forms_auth.TestForms" name="test_login_form_valid" time="0.117" /><testcase classname="tests.test_forms_auth.TestForms" name="test_login_form_invalid" time="0.108" /><testcase classname="tests.test_forms_auth.TestForms" name="test_register_form_valid" time="0.312" /><testcase classname="tests.test_forms_auth.TestForms" name="test_register_form_invalid_email" time="0.127" /><testcase classname="tests.test_forms_auth.TestForms" name="test_material_form_valid" time="0.217" /><testcase classname="tests.test_forms_auth.TestUsernameValidator" name="test_valid_usernames" time="0.377" /><testcase classname="tests.test_forms_auth.TestUsernameValidator" name="test_invalid_usernames" time="0.327" /><testcase classname="tests.test_forms_auth.TestUsernameValidator" name="test_reserved_usernames" time="0.104" /><testcase classname="tests.test_forms_auth.TestUserManagement" name="test_get_accessible_subjects_admin" time="0.182" /><testcase classname="tests.test_forms_auth.TestUserManagement" name="test_get_accessible_subjects_regular_user" time="0.154" /><testcase classname="tests.test_forms_auth.TestUserManagement" name="test_can_add_materials_to_subject" time="0.200" /><testcase classname="tests.test_models.TestGroup" name="test_group_creation" time="0.118" /><testcase classname="tests.test_models.TestGroup" name="test_group_repr" time="0.185" /><testcase classname="tests.test_models.TestUser" name="test_user_creation" time="0.175" /><testcase classname="tests.test_models.TestUser" name="test_user_admin_methods" time="0.294" /><testcase classname="tests.test_models.TestUser" name="test_user_role_display" time="0.330" /><testcase classname="tests.test_models.TestSubject" name="test_subject_creation" time="0.261" /><testcase classname="tests.test_models.TestMaterial" name="test_material_creation" time="0.163" /><testcase classname="tests.test_models.TestPayment" name="test_payment_creation" time="0.223" /><testcase classname="tests.test_models.TestTicket" name="test_ticket_creation" time="0.165" /><testcase classname="tests.test_models.TestEmailVerification" name="test_code_generation" time="0.087" /><testcase classname="tests.test_models.TestEmailVerification" name="test_verification_creation" time="0.105" /><testcase classname="tests.test_models.TestShortLink" name="test_code_generation" time="0.116" /><testcase classname="tests.test_models.TestShortLink" name="test_unique_creation" time="0.114" /><testcase classname="tests.test_models.TestSiteSettings" name="test_setting_operations" time="0.156" /><testcase classname="tests.test_performance.TestPerformance" name="test_database_query_performance" time="0.289" /><testcase classname="tests.test_performance.TestPerformance" name="test_api_response_time" time="0.470" /><testcase classname="tests.test_performance.TestPerformance" name="test_static_file_serving" time="0.116" /><testcase classname="tests.test_performance.TestLoad" name="test_concurrent_requests" time="0.443" /><testcase classname="tests.test_performance.TestIntegration" name="test_full_user_workflow" time="0.124" /><testcase classname="tests.test_performance.TestIntegration" name="test_subject_material_workflow" time="0.135" /><testcase classname="tests.test_performance.TestCoverage" name="test_import_coverage" time="0.125" /><testcase classname="tests.test_performance.TestCoverage" name="test_service_integration_coverage" time="0.194" /><testcase classname="tests.test_services.TestSubjectService" name="test_create_subject" time="0.144" /><testcase classname="tests.test_services.TestSubjectService" name="test_update_subject" time="0.151" /><testcase classname="tests.test_services.TestSubjectService" name="test_update_subject_invalid_title" time="0.339" /><testcase classname="tests.test_services.TestSubjectService" name="test_get_subject_or_404" time="0.210" /><testcase classname="tests.test_services.TestMaterialService" name="test_get_subject_materials" time="0.188" /><testcase classname="tests.test_services.TestMaterialService" name="test_create_material" time="0.260" /><testcase classname="tests.test_services.TestMaterialService" name="test_update_material" time="0.157" /><testcase classname="tests.test_services.TestMaterialService" name="test_update_material_invalid_data" time="0.254" /><testcase classname="tests.test_services.TestMaterialService" name="test_submit_solution_invalid_material_type" time="0.161" /><testcase classname="tests.test_services.TestMaterialService" name="test_submit_solution_no_file" time="0.130" /><testcase classname="tests.test_services.TestExportService" name="test_clean_folder_name_valid" time="0.145" /><testcase classname="tests.test_services.TestExportService" name="test_clean_folder_name_with_invalid_chars" time="0.304" /><testcase classname="tests.test_services.TestExportService" name="test_export_user_solutions_no_submissions" time="0.444" /><testcase classname="tests.test_services.TestExportService" name="test_export_user_solutions_with_submissions" time="0.175" /><testcase classname="tests.test_services.TestExportService" name="test_generate_readme_content" time="0.196" /><testcase classname="tests.test_utils.TestEmailValidator" name="test_valid_emails" time="0.215" /><testcase classname="tests.test_utils.TestEmailValidator" name="test_invalid_emails" time="0.242" /><testcase classname="tests.test_utils.TestEmailValidator" name="test_domain_check" time="0.208" /><testcase classname="tests.test_utils.TestFileStorage" name="test_safe_filename" time="0.315" /><testcase classname="tests.test_utils.TestFileStorage" name="test_file_operations" time="0.434" /><testcase classname="tests.test_utils.TestTransliteration" name="test_cyrillic_transliteration" time="0.142" /><testcase classname="tests.test_utils.TestTransliteration" name="test_special_chars_replacement" time="0.259" /><testcase classname="tests.test_utils_extended.TestFileStorageManager" name="test_safe_path_join_valid" time="0.149" /><testcase classname="tests.test_utils_extended.TestFileStorageManager" name="test_safe_path_join_path_traversal" time="0.133" /><testcase classname="tests.test_utils_extended.TestFileStorageManager" name="test_get_file_type" time="0.144" /><testcase classname="tests.test_utils_extended.TestFileStorageManager" name="test_is_allowed_file" time="0.174" /><testcase classname="tests.test_utils_extended.TestFileStorageManager" name="test_format_size_label" time="0.127" /><testcase classname="tests.test_utils_extended.TestFileStorageManager" name="test_get_user_max_file_size_normal_user" time="0.160" /><testcase classname="tests.test_utils_extended.TestFileStorageManager" name="test_get_user_max_file_size_special_user" time="0.157" /><testcase classname="tests.test_utils_extended.TestFileStorageManager" name="test_delete_file_not_exists" time="0.317" /><testcase classname="tests.test_utils_extended.TestFileStorageManager" name="test_delete_ticket_files_not_exists" time="0.155" /><testcase classname="tests.test_utils_extended.TestFileStorageManager" name="test_get_upload_paths" time="0.178" /><testcase classname="tests.test_utils_extended.TestYooKassaService" name="test_simulation_mode" time="0.142" /><testcase classname="tests.test_utils_extended.TestYooKassaService" name="test_get_subscription_days" time="0.159" /><testcase classname="tests.test_utils_extended.TestYooKassaService" name="test_create_smart_payment_simulation" time="0.232" /><testcase classname="tests.test_utils_extended.TestYooKassaService" name="test_process_successful_payment" time="0.463" /><testcase classname="tests.test_views.TestMainViews" name="test_index_unauthenticated" time="0.241" /><testcase classname="tests.test_views.TestMainViews" name="test_index_authenticated_user" time="0.272" /><testcase classname="tests.test_views.TestMainViews" name="test_privacy_page" time="0.510" /><testcase classname="tests.test_views.TestMainViews" name="test_terms_page" time="0.246" /><testcase classname="tests.test_views.TestMainViews" name="test_404_page" time="0.212" /><testcase classname="tests.test_views.TestMainViews" name="test_error_page" time="0.197" /><testcase classname="tests.test_views.TestMainViews" name="test_404_redirect" time="0.218" /><testcase classname="tests.test_views.TestMainViews" name="test_wiki_page" time="0.198" /><testcase classname="tests.test_views.TestMainViews" name="test_security_txt" time="0.130" /><testcase classname="tests.test_views.TestMainViews" name="test_humans_txt" time="0.164" /><testcase classname="tests.test_views.TestMainViews" name="test_robots_txt" time="0.210" /><testcase classname="tests.test_views.TestMainViews" name="test_robots_txt_redirect" time="0.209" /><testcase classname="tests.test_views.TestAuthenticatedViews" name="test_profile_requires_login" time="0.165" /><testcase classname="tests.test_views.TestAuthenticatedViews" name="test_subject_detail_requires_access" time="0.295" /><testcase classname="tests.test_views.TestAuthenticatedViews" name="test_material_detail_requires_login" time="0.215" /><testcase classname="tests.test_views.TestAuthenticatedViews" name="test_grant_temp_access" time="0.202" /><testcase classname="tests.test_views.TestStaticRoutes" name="test_security_policy_page" time="0.645" /><testcase classname="tests.test_views.TestStaticRoutes" name="test_redirect_page" time="0.311" /><testcase classname="tests.test_views.TestStaticRoutes" name="test_download_redirect" time="0.298" /><testcase classname="tests.test_views.TestStaticRoutes" name="test_invalid_error_code" time="0.180" /><testcase classname="tests.test_views_auth.TestAuthViews" name="test_register_page_get" time="0.241" /><testcase classname="tests.test_views_auth.TestAuthViews" name="test_login_page_get" time="0.200" /><testcase classname="tests.test_views_auth.TestAuthViews" name="test_logout" time="0.243" /><testcase classname="tests.test_views_main.TestMainViews" name="test_index_unauthenticated" time="0.184" /><testcase classname="tests.test_views_payment.TestPaymentViews" name="test_payment_page_access_redirect" time="0.192" /></testsuite></testsuites>